../Core/Src/main.c:83:5:_write	32	static
../Core/Src/main.c:94:6:checkScreensaver	56	static
../Core/Src/main.c:124:5:main	72	static
../Core/Src/main.c:209:6:SystemClock_Config	88	static
../Core/Src/main.c:266:13:MX_DMA2D_Init	8	static
../Core/Src/main.c:303:13:MX_LTDC_Init	112	static
../Core/Src/main.c:385:13:MX_QUADSPI_Init	8	static
../Core/Src/main.c:420:13:MX_USART1_UART_Init	8	static
../Core/Src/main.c:451:13:MX_FMC_Init	40	static
../Core/Src/main.c:502:13:MX_GPIO_Init	72	static
../Core/Src/main.c:555:6:Error_Handler	4	static,ignoring_inline_asm
