../Core/Src/main.c:93:5:_write	32	static
../Core/Src/main.c:104:6:checkScreensaver	56	static
../Core/Src/main.c:134:5:main	72	static
../Core/Src/main.c:231:6:SystemClock_Config	88	static
../Core/Src/main.c:288:13:MX_DMA2D_Init	8	static
../Core/Src/main.c:325:13:MX_LTDC_Init	112	static
../Core/Src/main.c:407:13:MX_QUADSPI_Init	8	static
../Core/Src/main.c:442:13:MX_USART1_UART_Init	8	static
../Core/Src/main.c:473:13:MX_FMC_Init	40	static
../Core/Src/main.c:524:13:MX_GPIO_Init	72	static
../Core/Src/main.c:571:7:connect_to_broker	56	static
../Core/Src/main.c:592:6:mqtt_connection_cb	40	static
../Core/Src/main.c:615:13:mqtt_sub_request_cb	16	static
../Core/Src/main.c:629:6:Error_Handler	4	static,ignoring_inline_asm
